=== old

Run directory : /lustre/disk/home/users/mfaizan/motion_correction/prototyping/motion_aretefacts_correction_cycle_gans_updated/runs/_equivalence/old
Device        : cuda
GPU           : NVIDIA H200
VRAM          : 150.1 GB

Building dataloaders ...
  Grade dataset enabled: Grade1 vs pooled ('Grade 2', 'Grade 3', 'Grade 4', 'Grade 5', 'Grade 6')
  Chunk metadata : /lustre/disk/home/users/mfaizan/motion_correction/cycleGANS_on_2d_images/pytorch-CycleGAN-and-pix2pix/data_preprocessing/motion_grades_chunk_5_dataset_hfiltered/chunk_metadata.csv
  Run stats      : /lustre/disk/home/users/mfaizan/motion_correction/prototyping/motion-artefacts-correction/all_dataset/run_normalization_stats_hfiltered.csv
  train: A=13033 B=9350 epoch_len=9350
  val  : A=3012 B=1724 epoch_len=3012 (full_coverage)
Building model ...
  spatial_dims: (64, 72, 56) (grade dataset)

Parameter counts:
  E_c (STContentEncoder)                     45,711,744
  E_a (STArtefactEncoder)                     2,676,256
  G_B (STMotionFreeDecoder)                  36,243,889
  G_A (STMotionCorruptedDecoder)             36,797,617
  D_B (STMultiScaleDisc)                     23,634,562
  D_A (STMultiScaleDisc)                     23,634,562
  Total                                     168,698,630

Loading Schaefer-400 atlases ...
ROI discriminator: n_rois=400  lambda_roi=0.5  w_roi_adv=1.0

Starting training: epochs 1 → 1

Epoch 001/1  (23s)  G=3.0428  cyc=0.2850  idt=0.2154  D_A=0.6480  D_B=0.9339  r1=518.8766  ∇G=57.462  lr_G=4.16e-05
  [VAL]  cyc=0.2486  idt=0.2039  tSNR↑=-148.2273  DVARS↓=-40.0241  GS_std↓=-3.3070  smooth=1.103  score=-25.8535
  [VAL]  ✓ New best score=-25.8535  saved → /lustre/disk/home/users/mfaizan/motion_correction/prototyping/motion_aretefacts_correction_cycle_gans_updated/runs/_equivalence/old/best_model.pt

Training complete.  Best val score: -25.8535
Checkpoints saved to: /lustre/disk/home/users/mfaizan/motion_correction/prototyping/motion_aretefacts_correction_cycle_gans_updated/runs/_equivalence/old
=== new
